============================= test session starts =============================
platform win32 -- Python 3.14.2, pytest-8.3.3, pluggy-1.6.0 -- C:\Python314\python.exe
cachedir: .pytest_cache
rootdir: C:\Users\shrey\Downloads\better\backend
plugins: flask-1.3.0
collecting ... collected 62 items

tests/test_routes.py::TestCategoryRoutes::test_create_category PASSED    [  1%]
tests/test_routes.py::TestCategoryRoutes::test_list_categories PASSED    [  3%]
tests/test_routes.py::TestCategoryRoutes::test_create_duplicate_category_returns_409 PASSED [  4%]
tests/test_routes.py::TestCategoryRoutes::test_create_category_invalid_color_returns_422 PASSED [  6%]
tests/test_routes.py::TestCategoryRoutes::test_get_nonexistent_category_returns_400 PASSED [  8%]
tests/test_routes.py::TestCategoryRoutes::test_delete_category PASSED    [  9%]
tests/test_routes.py::TestTransactionRoutes::test_create_transaction PASSED [ 11%]
tests/test_routes.py::TestTransactionRoutes::test_create_transaction_missing_type_returns_422 PASSED [ 12%]
tests/test_routes.py::TestTransactionRoutes::test_create_transaction_zero_amount_returns_422 PASSED [ 14%]
tests/test_routes.py::TestTransactionRoutes::test_list_transactions_filter_by_type PASSED [ 16%]
tests/test_routes.py::TestTransactionRoutes::test_list_transactions_pagination PASSED [ 17%]
tests/test_routes.py::TestTransactionRoutes::test_update_transaction PASSED [ 19%]
tests/test_routes.py::TestTransactionRoutes::test_delete_transaction PASSED [ 20%]
tests/test_routes.py::TestBudgetRoutes::test_create_budget PASSED        [ 22%]
tests/test_routes.py::TestBudgetRoutes::test_invalid_month_format_returns_422 PASSED [ 24%]
tests/test_routes.py::TestBudgetRoutes::test_list_budgets_with_actuals PASSED [ 25%]
tests/test_routes.py::TestAnalyticsRoutes::test_summary_empty_month PASSED [ 27%]
tests/test_routes.py::TestAnalyticsRoutes::test_trends_default PASSED    [ 29%]
tests/test_routes.py::TestAiRoutes::test_categorize_known PASSED         [ 30%]
tests/test_routes.py::TestAiRoutes::test_categorize_missing_description_returns_422 PASSED [ 32%]
tests/test_routes.py::TestAiRoutes::test_error_envelope_shape PASSED     [ 33%]
tests/test_schemas.py::TestCategorySchema::test_valid_category PASSED    [ 35%]
tests/test_schemas.py::TestCategorySchema::test_name_required PASSED     [ 37%]
tests/test_schemas.py::TestCategorySchema::test_name_max_length PASSED   [ 38%]
tests/test_schemas.py::TestCategorySchema::test_invalid_color_format PASSED [ 40%]
tests/test_schemas.py::TestCategorySchema::test_valid_color_lowercase PASSED [ 41%]
tests/test_schemas.py::TestCategorySchema::test_defaults_applied PASSED  [ 43%]
tests/test_schemas.py::TestTransactionSchema::test_valid_expense PASSED  [ 45%]
tests/test_schemas.py::TestTransactionSchema::test_amount_required PASSED [ 46%]
tests/test_schemas.py::TestTransactionSchema::test_amount_must_be_positive PASSED [ 48%]
tests/test_schemas.py::TestTransactionSchema::test_negative_amount_rejected PASSED [ 50%]
tests/test_schemas.py::TestTransactionSchema::test_type_required PASSED  [ 51%]
tests/test_schemas.py::TestTransactionSchema::test_invalid_type_rejected PASSED [ 53%]
tests/test_schemas.py::TestTransactionSchema::test_income_type_accepted PASSED [ 54%]
tests/test_schemas.py::TestTransactionSchema::test_description_max_length PASSED [ 56%]
tests/test_schemas.py::TestTransactionSchema::test_unknown_fields_ignored PASSED [ 58%]
tests/test_schemas.py::TestBudgetSchema::test_valid_budget PASSED        [ 59%]
tests/test_schemas.py::TestBudgetSchema::test_month_format_enforced PASSED [ 61%]
tests/test_schemas.py::TestBudgetSchema::test_invalid_month_value PASSED [ 62%]
tests/test_schemas.py::TestBudgetSchema::test_limit_must_be_positive PASSED [ 64%]
tests/test_schemas.py::TestBudgetSchema::test_category_id_required PASSED [ 66%]
tests/test_services.py::TestCategoryService::test_create_and_retrieve PASSED [ 67%]
tests/test_services.py::TestCategoryService::test_get_all_returns_sorted PASSED [ 69%]
tests/test_services.py::TestCategoryService::test_update_name PASSED     [ 70%]
tests/test_services.py::TestCategoryService::test_delete PASSED          [ 72%]
tests/test_services.py::TestCategoryService::test_get_nonexistent_raises PASSED [ 74%]
tests/test_services.py::TestTransactionService::test_create_expense PASSED [ 75%]
tests/test_services.py::TestTransactionService::test_create_with_nonexistent_category_raises PASSED [ 77%]
tests/test_services.py::TestTransactionService::test_filter_by_type PASSED [ 79%]
tests/test_services.py::TestTransactionService::test_delete PASSED       [ 80%]
tests/test_services.py::TestTransactionService::test_update_amount PASSED [ 82%]
tests/test_services.py::TestBudgetService::test_create_budget PASSED     [ 83%]
tests/test_services.py::TestBudgetService::test_duplicate_budget_raises_integrity_error PASSED [ 85%]
tests/test_services.py::TestBudgetService::test_actuals_computation PASSED [ 87%]
tests/test_services.py::TestAnalyticsService::test_monthly_summary_empty PASSED [ 88%]
tests/test_services.py::TestAnalyticsService::test_monthly_summary_with_data PASSED [ 90%]
tests/test_services.py::TestAiService::test_grocery_match PASSED         [ 91%]
tests/test_services.py::TestAiService::test_restaurant_match PASSED      [ 93%]
tests/test_services.py::TestAiService::test_salary_match PASSED          [ 95%]
tests/test_services.py::TestAiService::test_netflix_match PASSED         [ 96%]
tests/test_services.py::TestAiService::test_no_match_returns_other PASSED [ 98%]
tests/test_services.py::TestAiService::test_case_insensitive PASSED      [100%]

============================= 62 passed in 0.60s ==============================
